// Jest Snapshot v1, https://goo.gl/fbAQLP

exports[`OpeningHour it renders 1`] = `
<div>
  <div
    class="sc-bdvvtL kMUTHk"
    data-testid="opening-hour"
  >
    <div
      class="sc-hKwDye igQdvm"
    >
      <div
        class="day-name"
      >
        Saturday
      </div>
    </div>
    <div
      class="sc-dkPtRN hcoMhN"
    >
      <div
        class=""
      >
        9 AM - 11 AM
      </div>
      <div
        class=""
      >
        4 PM - 11 PM
      </div>
    </div>
  </div>
</div>
`;
